# 2026-09-29T01:05:30+09:00 sha256sum -c MANIFEST.sha256, in a second fresh copy of this bundle (made after the build, probe and leanchecker logs were added).
# The manifest checked here does not list this log, which was added afterwards (a file cannot contain its own hash).
./CollatzND/M1Explicit.lean: OK
./CollatzND/M1ExplicitV3.lean: OK
./CollatzND/M1Sigma.lean: OK
./CollatzND/Rhin.lean: OK
./CollatzProof/Core/Defs.lean: OK
./CollatzProof/Defs.lean: OK
./CollatzProof/Fiber.lean: OK
./CollatzProof/M1/Basics.lean: OK
./CollatzProof/M1/BugeaudBridge.lean: OK
./CollatzProof/M1/C_Anal.lean: OK
./CollatzProof/M1/C_Bilin.lean: OK
./CollatzProof/M1/C_Count.lean: OK
./CollatzProof/M1/C_Fourier.lean: OK
./CollatzProof/M1/C_Slice.lean: OK
./CollatzProof/M1/C_Words.lean: OK
./CollatzProof/M1/Compat.lean: OK
./CollatzProof/M1/Counting.lean: OK
./CollatzProof/M1/D_CRT.lean: OK
./CollatzProof/M1/D_Fourier.lean: OK
./CollatzProof/M1/D_Main.lean: OK
./CollatzProof/M1/D_Orbit.lean: OK
./CollatzProof/M1/D_Slice.lean: OK
./CollatzProof/M1/D_Word.lean: OK
./CollatzProof/M1/DeepDefs.lean: OK
./CollatzProof/M1/Defs.lean: OK
./CollatzProof/M1/E_Binom.lean: OK
./CollatzProof/M1/E_Model.lean: OK
./CollatzProof/M1/Explicit.lean: OK
./CollatzProof/M1/ExplicitCore.lean: OK
./CollatzProof/M1/ExplicitNum.lean: OK
./CollatzProof/M1/ExplicitNumV3.lean: OK
./CollatzProof/M1/ExplicitV3.lean: OK
./CollatzProof/M1/Fourier.lean: OK
./CollatzProof/M1/G_Riesz.lean: OK
./CollatzProof/M1/I_BC.lean: OK
./CollatzProof/M1/I_Corr.lean: OK
./CollatzProof/M1/I_Four.lean: OK
./CollatzProof/M1/I_Kernel.lean: OK
./CollatzProof/M1/I_Mult.lean: OK
./CollatzProof/M1/I_Phys.lean: OK
./CollatzProof/M1/K_Anal.lean: OK
./CollatzProof/M1/K_Terms.lean: OK
./CollatzProof/M1/Phase.lean: OK
./CollatzProof/M1/S10.lean: OK
./CollatzProof/M1/S11.lean: OK
./CollatzProof/M1/S13.lean: OK
./CollatzProof/M1/S13B.lean: OK
./CollatzProof/M1/S14.lean: OK
./CollatzProof/M1/S4.lean: OK
./CollatzProof/M1/S5.lean: OK
./CollatzProof/M1/S6.lean: OK
./CollatzProof/M1/S7.lean: OK
./CollatzProof/M1/S9.lean: OK
./CollatzProof/M1/ShellDefs.lean: OK
./CollatzProof/M1/Sigma.lean: OK
./CollatzProof/M1/Spec.lean: OK
./CollatzProof/M1/Thm1Anal.lean: OK
./CollatzProof/M1/Thm1Defs.lean: OK
./CollatzProof/M1/ThmAV3.lean: OK
./LICENSE: OK
./NOTICE: OK
./README.md: OK
./fetch_mazur.py: OK
./lake-manifest.json: OK
./lakefile.toml: OK
./lean-toolchain: OK
./verify/Probe.lean: OK
./verify/lake-build-2026-09-28.log: OK
./verify/leanchecker-fresh-M1Explicit-2026-09-28.log: OK
./verify/leanchecker-fresh-M1ExplicitV3-2026-09-28.log: OK
./verify/probe-2026-09-28.log: OK
./verify/proof_pf_certified.py: OK
./verify/proof_pf_certified_v3.py: OK
exit=0
